running egg_info
creating ../build/autorace/autorace.egg-info
writing ../build/autorace/autorace.egg-info/PKG-INFO
writing dependency_links to ../build/autorace/autorace.egg-info/dependency_links.txt
writing entry points to ../build/autorace/autorace.egg-info/entry_points.txt
writing requirements to ../build/autorace/autorace.egg-info/requires.txt
writing top-level names to ../build/autorace/autorace.egg-info/top_level.txt
writing manifest file '../build/autorace/autorace.egg-info/SOURCES.txt'
reading manifest file '../build/autorace/autorace.egg-info/SOURCES.txt'
writing manifest file '../build/autorace/autorace.egg-info/SOURCES.txt'
running build
running build_py
creating /home/yoon/autorace_ws/build/autorace/build
creating /home/yoon/autorace_ws/build/autorace/build/lib
creating /home/yoon/autorace_ws/build/autorace/build/lib/autorace
copying autorace/__init__.py -> /home/yoon/autorace_ws/build/autorace/build/lib/autorace
running install
running install_lib
creating /home/yoon/autorace_ws/install/autorace/lib/python3.10/site-packages/autorace
copying /home/yoon/autorace_ws/build/autorace/build/lib/autorace/__init__.py -> /home/yoon/autorace_ws/install/autorace/lib/python3.10/site-packages/autorace
byte-compiling /home/yoon/autorace_ws/install/autorace/lib/python3.10/site-packages/autorace/__init__.py to __init__.cpython-310.pyc
running install_data
creating /home/yoon/autorace_ws/install/autorace/share/ament_index
creating /home/yoon/autorace_ws/install/autorace/share/ament_index/resource_index
creating /home/yoon/autorace_ws/install/autorace/share/ament_index/resource_index/packages
copying resource/autorace -> /home/yoon/autorace_ws/install/autorace/share/ament_index/resource_index/packages
copying package.xml -> /home/yoon/autorace_ws/install/autorace/share/autorace
running install_egg_info
Copying ../build/autorace/autorace.egg-info to /home/yoon/autorace_ws/install/autorace/lib/python3.10/site-packages/autorace-0.0.0-py3.10.egg-info
running install_scripts
writing list of installed files to '/home/yoon/autorace_ws/build/autorace/install.log'
