[0.537s] Invoking command in '/home/yoon/autorace_ws/src/autorace': PYTHONPATH=/home/yoon/autorace_ws/build/autorace/prefix_override:/usr/lib/python3/dist-packages/colcon_core/task/python/colcon_distutils_commands:/home/yoon/autorace_ws/install/autorace/lib/python3.10/site-packages:${PYTHONPATH} /usr/bin/python3 -W ignore:setup.py install is deprecated -W ignore:easy_install command is deprecated setup.py egg_info --egg-base ../../build/autorace build --build-base /home/yoon/autorace_ws/build/autorace/build install --record /home/yoon/autorace_ws/build/autorace/install.log --single-version-externally-managed install_data
[0.724s] running egg_info
[0.725s] writing ../../build/autorace/autorace.egg-info/PKG-INFO
[0.726s] writing dependency_links to ../../build/autorace/autorace.egg-info/dependency_links.txt
[0.726s] writing entry points to ../../build/autorace/autorace.egg-info/entry_points.txt
[0.726s] writing requirements to ../../build/autorace/autorace.egg-info/requires.txt
[0.726s] writing top-level names to ../../build/autorace/autorace.egg-info/top_level.txt
[0.727s] reading manifest file '../../build/autorace/autorace.egg-info/SOURCES.txt'
[0.728s] writing manifest file '../../build/autorace/autorace.egg-info/SOURCES.txt'
[0.728s] running build
[0.728s] running build_py
[0.728s] copying autorace/yoon_pub.py -> /home/yoon/autorace_ws/build/autorace/build/lib/autorace
[0.728s] copying autorace/yoon_sub.py -> /home/yoon/autorace_ws/build/autorace/build/lib/autorace
[0.729s] running install
[0.729s] running install_lib
[0.729s] copying /home/yoon/autorace_ws/build/autorace/build/lib/autorace/yoon_pub.py -> /home/yoon/autorace_ws/install/autorace/lib/python3.10/site-packages/autorace
[0.730s] copying /home/yoon/autorace_ws/build/autorace/build/lib/autorace/yoon_sub.py -> /home/yoon/autorace_ws/install/autorace/lib/python3.10/site-packages/autorace
[0.730s] byte-compiling /home/yoon/autorace_ws/install/autorace/lib/python3.10/site-packages/autorace/yoon_pub.py to yoon_pub.cpython-310.pyc
[0.730s] byte-compiling /home/yoon/autorace_ws/install/autorace/lib/python3.10/site-packages/autorace/yoon_sub.py to yoon_sub.cpython-310.pyc
[0.731s] running install_data
[0.731s] running install_egg_info
[0.732s] removing '/home/yoon/autorace_ws/install/autorace/lib/python3.10/site-packages/autorace-0.0.0-py3.10.egg-info' (and everything under it)
[0.733s] Copying ../../build/autorace/autorace.egg-info to /home/yoon/autorace_ws/install/autorace/lib/python3.10/site-packages/autorace-0.0.0-py3.10.egg-info
[0.733s] running install_scripts
[0.750s] Installing yoon script to /home/yoon/autorace_ws/install/autorace/lib/autorace
[0.750s] writing list of installed files to '/home/yoon/autorace_ws/build/autorace/install.log'
[0.768s] Invoked command in '/home/yoon/autorace_ws/src/autorace' returned '0': PYTHONPATH=/home/yoon/autorace_ws/build/autorace/prefix_override:/usr/lib/python3/dist-packages/colcon_core/task/python/colcon_distutils_commands:/home/yoon/autorace_ws/install/autorace/lib/python3.10/site-packages:${PYTHONPATH} /usr/bin/python3 -W ignore:setup.py install is deprecated -W ignore:easy_install command is deprecated setup.py egg_info --egg-base ../../build/autorace build --build-base /home/yoon/autorace_ws/build/autorace/build install --record /home/yoon/autorace_ws/build/autorace/install.log --single-version-externally-managed install_data
