[0.682s] Invoking command in '/home/yoon/autorace_ws/src/autorace': PYTHONPATH=/home/yoon/autorace_ws/build/autorace/prefix_override:/usr/lib/python3/dist-packages/colcon_core/task/python/colcon_distutils_commands:/home/yoon/autorace_ws/install/autorace/lib/python3.10/site-packages:${PYTHONPATH} /usr/bin/python3 -W ignore:setup.py install is deprecated -W ignore:easy_install command is deprecated setup.py egg_info --egg-base ../../build/autorace build --build-base /home/yoon/autorace_ws/build/autorace/build install --record /home/yoon/autorace_ws/build/autorace/install.log --single-version-externally-managed install_data
[0.963s] running egg_info
[0.964s] writing ../../build/autorace/autorace.egg-info/PKG-INFO
[0.965s] writing dependency_links to ../../build/autorace/autorace.egg-info/dependency_links.txt
[0.965s] writing entry points to ../../build/autorace/autorace.egg-info/entry_points.txt
[0.966s] writing requirements to ../../build/autorace/autorace.egg-info/requires.txt
[0.966s] writing top-level names to ../../build/autorace/autorace.egg-info/top_level.txt
[0.968s] reading manifest file '../../build/autorace/autorace.egg-info/SOURCES.txt'
[0.969s] writing manifest file '../../build/autorace/autorace.egg-info/SOURCES.txt'
[0.969s] running build
[0.970s] running build_py
[0.970s] running install
[0.970s] running install_lib
[0.972s] running install_data
[0.972s] copying launch/yoon.launch.py -> /home/yoon/autorace_ws/install/autorace/share/autorace/launch
[0.972s] running install_egg_info
[0.974s] removing '/home/yoon/autorace_ws/install/autorace/lib/python3.10/site-packages/autorace-0.0.0-py3.10.egg-info' (and everything under it)
[0.975s] Copying ../../build/autorace/autorace.egg-info to /home/yoon/autorace_ws/install/autorace/lib/python3.10/site-packages/autorace-0.0.0-py3.10.egg-info
[0.976s] running install_scripts
[1.002s] Installing yoon_pub script to /home/yoon/autorace_ws/install/autorace/lib/autorace
[1.003s] Installing yoon_sub script to /home/yoon/autorace_ws/install/autorace/lib/autorace
[1.003s] writing list of installed files to '/home/yoon/autorace_ws/build/autorace/install.log'
[1.027s] Invoked command in '/home/yoon/autorace_ws/src/autorace' returned '0': PYTHONPATH=/home/yoon/autorace_ws/build/autorace/prefix_override:/usr/lib/python3/dist-packages/colcon_core/task/python/colcon_distutils_commands:/home/yoon/autorace_ws/install/autorace/lib/python3.10/site-packages:${PYTHONPATH} /usr/bin/python3 -W ignore:setup.py install is deprecated -W ignore:easy_install command is deprecated setup.py egg_info --egg-base ../../build/autorace build --build-base /home/yoon/autorace_ws/build/autorace/build install --record /home/yoon/autorace_ws/build/autorace/install.log --single-version-externally-managed install_data
