running egg_info
writing ../../build/autorace/autorace.egg-info/PKG-INFO
writing dependency_links to ../../build/autorace/autorace.egg-info/dependency_links.txt
writing entry points to ../../build/autorace/autorace.egg-info/entry_points.txt
writing requirements to ../../build/autorace/autorace.egg-info/requires.txt
writing top-level names to ../../build/autorace/autorace.egg-info/top_level.txt
reading manifest file '../../build/autorace/autorace.egg-info/SOURCES.txt'
writing manifest file '../../build/autorace/autorace.egg-info/SOURCES.txt'
running build
running build_py
running install
running install_lib
running install_data
creating /home/yoon/autorace_ws/install/autorace/share/autorace/launch
running install_egg_info
removing '/home/yoon/autorace_ws/install/autorace/lib/python3.10/site-packages/autorace-0.0.0-py3.10.egg-info' (and everything under it)
Copying ../../build/autorace/autorace.egg-info to /home/yoon/autorace_ws/install/autorace/lib/python3.10/site-packages/autorace-0.0.0-py3.10.egg-info
running install_scripts
Installing yoon_pub script to /home/yoon/autorace_ws/install/autorace/lib/autorace
Installing yoon_sub script to /home/yoon/autorace_ws/install/autorace/lib/autorace
writing list of installed files to '/home/yoon/autorace_ws/build/autorace/install.log'
