[0.914s] Invoking command in '/home/yoon/autorace_ws/src/autorace': PYTHONPATH=/home/yoon/autorace_ws/build/autorace/prefix_override:/usr/lib/python3/dist-packages/colcon_core/task/python/colcon_distutils_commands:/home/yoon/autorace_ws/install/autorace/lib/python3.10/site-packages:${PYTHONPATH} /usr/bin/python3 -W ignore:setup.py install is deprecated -W ignore:easy_install command is deprecated setup.py egg_info --egg-base ../../build/autorace build --build-base /home/yoon/autorace_ws/build/autorace/build install --record /home/yoon/autorace_ws/build/autorace/install.log --single-version-externally-managed install_data
[1.143s] running egg_info
[1.143s] writing ../../build/autorace/autorace.egg-info/PKG-INFO
[1.146s] writing dependency_links to ../../build/autorace/autorace.egg-info/dependency_links.txt
[1.146s] writing entry points to ../../build/autorace/autorace.egg-info/entry_points.txt
[1.146s] writing requirements to ../../build/autorace/autorace.egg-info/requires.txt
[1.146s] writing top-level names to ../../build/autorace/autorace.egg-info/top_level.txt
[1.148s] reading manifest file '../../build/autorace/autorace.egg-info/SOURCES.txt'
[1.148s] writing manifest file '../../build/autorace/autorace.egg-info/SOURCES.txt'
[1.148s] running build
[1.149s] running build_py
[1.149s] running install
[1.149s] running install_lib
[1.150s] running install_data
[1.151s] creating /home/yoon/autorace_ws/install/autorace/share/autorace/launch
[1.151s] running install_egg_info
[1.152s] removing '/home/yoon/autorace_ws/install/autorace/lib/python3.10/site-packages/autorace-0.0.0-py3.10.egg-info' (and everything under it)
[1.152s] Copying ../../build/autorace/autorace.egg-info to /home/yoon/autorace_ws/install/autorace/lib/python3.10/site-packages/autorace-0.0.0-py3.10.egg-info
[1.153s] running install_scripts
[1.172s] Installing yoon_pub script to /home/yoon/autorace_ws/install/autorace/lib/autorace
[1.173s] Installing yoon_sub script to /home/yoon/autorace_ws/install/autorace/lib/autorace
[1.173s] writing list of installed files to '/home/yoon/autorace_ws/build/autorace/install.log'
[1.199s] Invoked command in '/home/yoon/autorace_ws/src/autorace' returned '0': PYTHONPATH=/home/yoon/autorace_ws/build/autorace/prefix_override:/usr/lib/python3/dist-packages/colcon_core/task/python/colcon_distutils_commands:/home/yoon/autorace_ws/install/autorace/lib/python3.10/site-packages:${PYTHONPATH} /usr/bin/python3 -W ignore:setup.py install is deprecated -W ignore:easy_install command is deprecated setup.py egg_info --egg-base ../../build/autorace build --build-base /home/yoon/autorace_ws/build/autorace/build install --record /home/yoon/autorace_ws/build/autorace/install.log --single-version-externally-managed install_data
